../Core/Src/main.c:79:6:forcesilence	8	static
../Core/Src/main.c:86:20:convert_sample	32	static
../Core/Src/main.c:107:5:main	8	static
../Core/Src/main.c:189:6:SystemClock_Config	96	static
../Core/Src/main.c:239:13:MX_ADC1_Init	32	static
../Core/Src/main.c:297:13:MX_SAI1_Init	8	static
../Core/Src/main.c:333:13:MX_TIM6_Init	24	static
../Core/Src/main.c:369:13:MX_DMA_Init	16	static
../Core/Src/main.c:391:13:MX_GPIO_Init	40	static
../Core/Src/main.c:421:6:HAL_ADC_ConvHalfCpltCallback	24	static
../Core/Src/main.c:428:6:HAL_ADC_ConvCpltCallback	24	static
../Core/Src/main.c:440:6:Error_Handler	4	static,ignoring_inline_asm
