../Core/Src/main.c:79:6:forcesilence	1
../Core/Src/main.c:86:20:convert_sample	4
../Core/Src/main.c:107:5:main	1
../Core/Src/main.c:189:6:SystemClock_Config	4
../Core/Src/main.c:239:13:MX_ADC1_Init	3
../Core/Src/main.c:297:13:MX_SAI1_Init	2
../Core/Src/main.c:333:13:MX_TIM6_Init	3
../Core/Src/main.c:369:13:MX_DMA_Init	1
../Core/Src/main.c:391:13:MX_GPIO_Init	1
../Core/Src/main.c:420:6:HAL_ADC_ConvHalfCpltCallback	6
../Core/Src/main.c:451:6:HAL_ADC_ConvCpltCallback	6
../Core/Src/main.c:483:6:Error_Handler	1
