../Core/Src/main.c:80:5:main	16	static
../Core/Src/main.c:165:6:SystemClock_Config	96	static
../Core/Src/main.c:215:13:MX_ADC1_Init	32	static
../Core/Src/main.c:273:13:MX_SAI1_Init	8	static
../Core/Src/main.c:310:13:MX_TIM6_Init	24	static
../Core/Src/main.c:346:13:MX_DMA_Init	16	static
../Core/Src/main.c:368:13:MX_GPIO_Init	40	static
../Core/Src/main.c:395:6:HAL_ADC_ConvHalfCpltCallback	24	static
../Core/Src/main.c:404:6:HAL_ADC_ConvCpltCallback	24	static
../Core/Src/main.c:419:6:Error_Handler	4	static,ignoring_inline_asm
