../Drivers/STM32L4xx_HAL_Driver/Inc/stm32l4xx_ll_adc.h:5451:22:LL_ADC_SetChannelSamplingTime	12	static
../Drivers/STM32L4xx_HAL_Driver/Inc/stm32l4xx_ll_adc.h:7119:26:LL_ADC_INJ_IsConversionOngoing	0	static
../Drivers/STM32L4xx_HAL_Driver/Src/stm32l4xx_hal_adc_ex.c:119:19:HAL_ADCEx_Calibration_Start	24	static
../Drivers/STM32L4xx_HAL_Driver/Src/stm32l4xx_hal_adc_ex.c:193:10:HAL_ADCEx_Calibration_GetValue	0	static
../Drivers/STM32L4xx_HAL_Driver/Src/stm32l4xx_hal_adc_ex.c:213:19:HAL_ADCEx_Calibration_SetValue	24	static
../Drivers/STM32L4xx_HAL_Driver/Src/stm32l4xx_hal_adc_ex.c:270:19:HAL_ADCEx_InjectedStart	8	static
../Drivers/STM32L4xx_HAL_Driver/Src/stm32l4xx_hal_adc_ex.c:419:19:HAL_ADCEx_InjectedStop	8	static
../Drivers/STM32L4xx_HAL_Driver/Src/stm32l4xx_hal_adc_ex.c:474:19:HAL_ADCEx_InjectedPollForConversion	24	static
../Drivers/STM32L4xx_HAL_Driver/Src/stm32l4xx_hal_adc_ex.c:615:19:HAL_ADCEx_InjectedStart_IT	8	static
../Drivers/STM32L4xx_HAL_Driver/Src/stm32l4xx_hal_adc_ex.c:788:19:HAL_ADCEx_InjectedStop_IT	8	static
../Drivers/STM32L4xx_HAL_Driver/Src/stm32l4xx_hal_adc_ex.c:1147:10:HAL_ADCEx_InjectedGetValue	0	static
../Drivers/STM32L4xx_HAL_Driver/Src/stm32l4xx_hal_adc_ex.c:1182:13:HAL_ADCEx_InjectedConvCpltCallback	0	static
../Drivers/STM32L4xx_HAL_Driver/Src/stm32l4xx_hal_adc_ex.c:1201:13:HAL_ADCEx_InjectedQueueOverflowCallback	0	static
../Drivers/STM32L4xx_HAL_Driver/Src/stm32l4xx_hal_adc_ex.c:1216:13:HAL_ADCEx_LevelOutOfWindow2Callback	0	static
../Drivers/STM32L4xx_HAL_Driver/Src/stm32l4xx_hal_adc_ex.c:1231:13:HAL_ADCEx_LevelOutOfWindow3Callback	0	static
../Drivers/STM32L4xx_HAL_Driver/Src/stm32l4xx_hal_adc_ex.c:1247:13:HAL_ADCEx_EndOfSamplingCallback	0	static
../Drivers/STM32L4xx_HAL_Driver/Src/stm32l4xx_hal_adc_ex.c:1264:19:HAL_ADCEx_RegularStop	8	static
../Drivers/STM32L4xx_HAL_Driver/Src/stm32l4xx_hal_adc_ex.c:1322:19:HAL_ADCEx_RegularStop_IT	8	static
../Drivers/STM32L4xx_HAL_Driver/Src/stm32l4xx_hal_adc_ex.c:1382:19:HAL_ADCEx_RegularStop_DMA	16	static
../Drivers/STM32L4xx_HAL_Driver/Src/stm32l4xx_hal_adc_ex.c:1661:19:HAL_ADCEx_InjectedConfigChannel	32	static,ignoring_inline_asm
../Drivers/STM32L4xx_HAL_Driver/Src/stm32l4xx_hal_adc_ex.c:2233:19:HAL_ADCEx_EnableInjectedQueue	8	static
../Drivers/STM32L4xx_HAL_Driver/Src/stm32l4xx_hal_adc_ex.c:2274:19:HAL_ADCEx_DisableInjectedQueue	8	static
../Drivers/STM32L4xx_HAL_Driver/Src/stm32l4xx_hal_adc_ex.c:2311:19:HAL_ADCEx_DisableVoltageRegulator	0	static
../Drivers/STM32L4xx_HAL_Driver/Src/stm32l4xx_hal_adc_ex.c:2348:19:HAL_ADCEx_EnterADCDeepPowerDownMode	0	static
